// Jest Snapshot v1, https://goo.gl/fbAQLP

exports[`Result count test renders ResultCount component 1`] = `
<span>
  1
   movies found
</span>
`;
